F:\work\gitlab_repo\springboot3\user-management-service\src\main\java\com\fred\api\utils\HtmlMessageTemplate.java
F:\work\gitlab_repo\springboot3\user-management-service\src\main\java\com\fred\api\service\impl\UserServiceImpl.java
F:\work\gitlab_repo\springboot3\user-management-service\src\main\java\com\fred\api\service\UserService.java
F:\work\gitlab_repo\springboot3\user-management-service\src\main\java\com\fred\api\pojo\UserVo.java
F:\work\gitlab_repo\springboot3\user-management-service\src\main\java\com\fred\api\pojo\UserEditDto.java
F:\work\gitlab_repo\springboot3\user-management-service\src\main\java\com\fred\api\utils\EmailMessage.java
F:\work\gitlab_repo\springboot3\user-management-service\src\main\java\com\fred\api\controller\UserController.java
F:\work\gitlab_repo\springboot3\user-management-service\src\main\java\com\fred\api\utils\TextMessageTemplate.java
F:\work\gitlab_repo\springboot3\user-management-service\src\main\java\com\fred\api\utils\MessageTemplate.java
F:\work\gitlab_repo\springboot3\user-management-service\src\main\java\com\fred\api\utils\SpringEmailService.java
F:\work\gitlab_repo\springboot3\user-management-service\src\main\java\com\fred\api\pojo\UserRegisterDto.java
F:\work\gitlab_repo\springboot3\user-management-service\src\main\java\com\fred\api\controller\PageController.java
F:\work\gitlab_repo\springboot3\user-management-service\src\main\java\com\fred\api\UserErrorCodes.java
F:\work\gitlab_repo\springboot3\user-management-service\src\main\java\com\fred\api\UserManagementApplication.java
