com\fred\common\security\ErrorCodes.class
com\fred\common\security\WebToken.class
com\fred\common\security\LocalCache.class
com\fred\common\security\WebCorsFilter.class
com\fred\common\security\WebSecurityConfig.class
com\fred\common\security\GlobalAccessDeniedHandler.class
com\fred\common\security\JwtTokenStrategy.class
com\fred\common\security\PermissionGrantedAuthority.class
com\fred\common\security\TokenStrategy.class
com\fred\common\security\ForbiddenAuthenticationEntryPoint.class
com\fred\common\security\InternalAuthenticationToken.class
com\fred\common\security\NoOpLoginFailureListener.class
com\fred\common\security\JwtAuthenticationFailureHandlerAware.class
com\fred\common\security\SecurityConstants.class
com\fred\common\security\SecurityClientProperties.class
com\fred\common\security\JwtProperties.class
com\fred\common\security\LoginFailureHandlerAware.class
com\fred\common\security\AuthenticationExceptionAwareHandler.class
com\fred\common\security\HttpSecurityConfig.class
com\fred\common\security\LoginFailureListener.class
com\fred\common\security\WebUserAuthenticationService.class
com\fred\common\security\JwtAuthenticationException.class
com\fred\common\security\SecurityUtils.class
com\fred\common\security\IdentifiableUserDetails.class
com\fred\common\security\JwtAuthenticationFailureListener.class
com\fred\common\security\WebSecurityConfig$NoneHandlerExceptionTransferer.class
com\fred\common\security\SimpleGrantedAuthority.class
com\fred\common\security\AuthenticationInfo.class
com\fred\common\security\WebUser.class
com\fred\common\security\AuthenticationService.class
com\fred\common\security\LoggingJwtAuthenticationFailureListener.class
com\fred\common\security\AuthenticationInfo$GrantedAuthorityInfo.class
com\fred\common\security\MixedAuthenticationFilter.class
