F:\work\gitlab_repo\springboot3\common-security\src\main\java\com\fred\common\security\WebUser.java
F:\work\gitlab_repo\springboot3\common-security\src\main\java\com\fred\common\security\WebUserAuthenticationService.java
F:\work\gitlab_repo\springboot3\common-security\src\main\java\com\fred\common\security\WebCorsFilter.java
F:\work\gitlab_repo\springboot3\common-security\src\main\java\com\fred\common\security\AuthenticationInfo.java
F:\work\gitlab_repo\springboot3\common-security\src\main\java\com\fred\common\security\SecurityUtils.java
F:\work\gitlab_repo\springboot3\common-security\src\main\java\com\fred\common\security\JwtAuthenticationFailureHandlerAware.java
F:\work\gitlab_repo\springboot3\common-security\src\main\java\com\fred\common\security\SecurityClientProperties.java
F:\work\gitlab_repo\springboot3\common-security\src\main\java\com\fred\common\security\InternalAuthenticationToken.java
F:\work\gitlab_repo\springboot3\common-security\src\main\java\com\fred\common\security\SecurityConstants.java
F:\work\gitlab_repo\springboot3\common-security\src\main\java\com\fred\common\security\AuthenticationExceptionAwareHandler.java
F:\work\gitlab_repo\springboot3\common-security\src\main\java\com\fred\common\security\LocalCache.java
F:\work\gitlab_repo\springboot3\common-security\src\main\java\com\fred\common\security\AuthenticationService.java
F:\work\gitlab_repo\springboot3\common-security\src\main\java\com\fred\common\security\TokenStrategy.java
F:\work\gitlab_repo\springboot3\common-security\src\main\java\com\fred\common\security\LoginFailureHandlerAware.java
F:\work\gitlab_repo\springboot3\common-security\src\main\java\com\fred\common\security\WebToken.java
F:\work\gitlab_repo\springboot3\common-security\src\main\java\com\fred\common\security\JwtProperties.java
F:\work\gitlab_repo\springboot3\common-security\src\main\java\com\fred\common\security\GlobalAccessDeniedHandler.java
F:\work\gitlab_repo\springboot3\common-security\src\main\java\com\fred\common\security\SimpleGrantedAuthority.java
F:\work\gitlab_repo\springboot3\common-security\src\main\java\com\fred\common\security\ErrorCodes.java
F:\work\gitlab_repo\springboot3\common-security\src\main\java\com\fred\common\security\LoggingJwtAuthenticationFailureListener.java
F:\work\gitlab_repo\springboot3\common-security\src\main\java\com\fred\common\security\HttpSecurityConfig.java
F:\work\gitlab_repo\springboot3\common-security\src\main\java\com\fred\common\security\JwtAuthenticationFailureListener.java
F:\work\gitlab_repo\springboot3\common-security\src\main\java\com\fred\common\security\WebSecurityConfig.java
F:\work\gitlab_repo\springboot3\common-security\src\main\java\com\fred\common\security\NoOpLoginFailureListener.java
F:\work\gitlab_repo\springboot3\common-security\src\main\java\com\fred\common\security\PermissionGrantedAuthority.java
F:\work\gitlab_repo\springboot3\common-security\src\main\java\com\fred\common\security\ForbiddenAuthenticationEntryPoint.java
F:\work\gitlab_repo\springboot3\common-security\src\main\java\com\fred\common\security\JwtAuthenticationException.java
F:\work\gitlab_repo\springboot3\common-security\src\main\java\com\fred\common\security\MixedAuthenticationFilter.java
F:\work\gitlab_repo\springboot3\common-security\src\main\java\com\fred\common\security\IdentifiableUserDetails.java
F:\work\gitlab_repo\springboot3\common-security\src\main\java\com\fred\common\security\LoginFailureListener.java
F:\work\gitlab_repo\springboot3\common-security\src\main\java\com\fred\common\security\JwtTokenStrategy.java
