com\fred\common\utils\GenericConverterFactorys$Long2LocalDateTimeConverterFactory.class
com\fred\common\utils\GenericConverterFactorys$String2DateConverterFactory.class
com\fred\common\utils\ExceptionTransferer.class
com\fred\common\utils\GenericConverterFactorys$LocalDateTime2LongConverterFactory.class
com\fred\common\utils\SimpleErrorCode.class
com\fred\common\utils\MutableLocalDateTimeDeserializer.class
com\fred\common\utils\GenericConverterFactorys$String2LocalDateConverterFactory.class
com\fred\common\utils\JacksonUtils.class
com\fred\common\utils\WebUtils.class
com\fred\common\utils\ServerProperties$BasicCredentials.class
com\fred\common\utils\DefaultExceptionTransferer.class
com\fred\common\utils\HttpRequestInfo.class
com\fred\common\utils\ApiResult.class
com\fred\common\utils\GenericConverterFactorys.class
com\fred\common\utils\HttpRequestInfo$AuthInfo.class
com\fred\common\utils\DoubleToStringSerializer.class
com\fred\common\utils\GenericConverterFactorys$Long2LocalTimeConverterFactory.class
com\fred\common\utils\ExceptionDescriptor.class
com\fred\common\utils\GenericConverterFactorys$Date2LocalDateConverterFactory.class
com\fred\common\utils\LangUtils.class
com\fred\common\utils\GenericConverterFactorys$Date2LocalTimeConverterFactory.class
com\fred\common\utils\BizException.class
com\fred\common\utils\GenericConverterFactorys$String2LocalTimeConverterFactory.class
com\fred\common\utils\PropertyFilter.class
com\fred\common\utils\BeanCopyUtils.class
com\fred\common\utils\GenericConverterFactorys$LocalDate2DateConverterFactory.class
com\fred\common\utils\GenericConverterFactorys$String2LocalDateTimeConverterFactory.class
com\fred\common\utils\GenericConverterFactorys$Long2LocalDateConverterFactory.class
com\fred\common\utils\MessageLocalization.class
com\fred\common\utils\FormattedMessageLocalization.class
com\fred\common\utils\GenericConverterFactorys$LocalDate2StringConverterFactory.class
com\fred\common\utils\ServerProperties.class
com\fred\common\utils\BigDecimalToStringSerializer.class
com\fred\common\utils\Constants.class
com\fred\common\utils\GenericConverterFactorys$Date2LocalDateTimeConverterFactory.class
com\fred\common\utils\GenericConverterFactorys$LocalDateTime2StringConverterFactory.class
com\fred\common\utils\ApiRealmFilter.class
com\fred\common\utils\ConvertUtils.class
com\fred\common\utils\ErrorCode.class
com\fred\common\utils\SecurityKey.class
com\fred\common\utils\GenericConverterFactorys$LocalTime2DateConverterFactory.class
com\fred\common\utils\HttpRequestContextHolder.class
com\fred\common\utils\PropertyFilters.class
com\fred\common\utils\GenericConverterFactorys$LocalDateTime2DateConverterFactory.class
com\fred\common\utils\GenericConverterFactorys$Long2DateConverterFactory.class
