F:\work\gitlab_repo\springboot3\common-utils\src\main\java\com\fred\common\utils\BizException.java
F:\work\gitlab_repo\springboot3\common-utils\src\main\java\com\fred\common\utils\MessageLocalization.java
F:\work\gitlab_repo\springboot3\common-utils\src\main\java\com\fred\common\utils\BigDecimalToStringSerializer.java
F:\work\gitlab_repo\springboot3\common-utils\src\main\java\com\fred\common\utils\DefaultExceptionTransferer.java
F:\work\gitlab_repo\springboot3\common-utils\src\main\java\com\fred\common\utils\FormattedMessageLocalization.java
F:\work\gitlab_repo\springboot3\common-utils\src\main\java\com\fred\common\utils\PropertyFilter.java
F:\work\gitlab_repo\springboot3\common-utils\src\main\java\com\fred\common\utils\ApiResult.java
F:\work\gitlab_repo\springboot3\common-utils\src\main\java\com\fred\common\utils\ExceptionTransferer.java
F:\work\gitlab_repo\springboot3\common-utils\src\main\java\com\fred\common\utils\ApiRealmFilter.java
F:\work\gitlab_repo\springboot3\common-utils\src\main\java\com\fred\common\utils\HttpRequestInfo.java
F:\work\gitlab_repo\springboot3\common-utils\src\main\java\com\fred\common\utils\BeanCopyUtils.java
F:\work\gitlab_repo\springboot3\common-utils\src\main\java\com\fred\common\utils\Constants.java
F:\work\gitlab_repo\springboot3\common-utils\src\main\java\com\fred\common\utils\DoubleToStringSerializer.java
F:\work\gitlab_repo\springboot3\common-utils\src\main\java\com\fred\common\utils\ConvertUtils.java
F:\work\gitlab_repo\springboot3\common-utils\src\main\java\com\fred\common\utils\GenericConverterFactorys.java
F:\work\gitlab_repo\springboot3\common-utils\src\main\java\com\fred\common\utils\LangUtils.java
F:\work\gitlab_repo\springboot3\common-utils\src\main\java\com\fred\common\utils\SimpleErrorCode.java
F:\work\gitlab_repo\springboot3\common-utils\src\main\java\com\fred\common\utils\MutableLocalDateTimeDeserializer.java
F:\work\gitlab_repo\springboot3\common-utils\src\main\java\com\fred\common\utils\JacksonUtils.java
F:\work\gitlab_repo\springboot3\common-utils\src\main\java\com\fred\common\utils\WebUtils.java
F:\work\gitlab_repo\springboot3\common-utils\src\main\java\com\fred\common\utils\ExceptionDescriptor.java
F:\work\gitlab_repo\springboot3\common-utils\src\main\java\com\fred\common\utils\ServerProperties.java
F:\work\gitlab_repo\springboot3\common-utils\src\main\java\com\fred\common\utils\SecurityKey.java
F:\work\gitlab_repo\springboot3\common-utils\src\main\java\com\fred\common\utils\PropertyFilters.java
F:\work\gitlab_repo\springboot3\common-utils\src\main\java\com\fred\common\utils\ErrorCode.java
F:\work\gitlab_repo\springboot3\common-utils\src\main\java\com\fred\common\utils\HttpRequestContextHolder.java
